[venerable-dieffenbachia-dfefdb.netlify.app/index.html]
[venerable-dieffenbachia-dfefdb.netlify.app/img/xfav.png.pagespeed.ic.86XnbiuFGc.png]
[backblue.gif]
[fade.gif]
[index.html]
[venerable-dieffenbachia-dfefdb.netlify.app/css/linearicons.css+font-awesome.min.css+bootstrap.css+magnific-popup.css+owl.carousel.css+nice-select.css+hexagons.min.css.pagespeed.cc.e_F6Y5yBxP.css]
[cdn.jsdelivr.net/themify-icons/0.1.2/css/themify-icons.css]
[venerable-dieffenbachia-dfefdb.netlify.app/css/A.main.css.pagespeed.cf.DQLcLWq5zQ.css]
[venerable-dieffenbachia-dfefdb.netlify.app/css1/bootstrap-theme.min.css]
[venerable-dieffenbachia-dfefdb.netlify.app/css1/fontAwesome.css]
[venerable-dieffenbachia-dfefdb.netlify.app/css1/hero-slider.css]
[venerable-dieffenbachia-dfefdb.netlify.app/css1/owl-carousel.css]
[venerable-dieffenbachia-dfefdb.netlify.app/POST.9.delayed]
[venerable-dieffenbachia-dfefdb.netlify.app/img2.png]
[venerable-dieffenbachia-dfefdb.netlify.app/img/xheader-img.png.pagespeed.ic.noU_itMUQ2.png]
[venerable-dieffenbachia-dfefdb.netlify.app/img/popular-course/xp1.jpg.pagespeed.ic.MIEaEV-T70.jpg]
[venerable-dieffenbachia-dfefdb.netlify.app/img/popular-course/xp2.jpg.pagespeed.ic.qSWbpv1WsO.jpg]
[venerable-dieffenbachia-dfefdb.netlify.app/img/popular-course/xp4.jpg.pagespeed.ic.EyC59VFNV4.jpg]
[venerable-dieffenbachia-dfefdb.netlify.app/img/xvideo-img.jpg.pagespeed.ic.deBK2j-q7u.jpg]
[venerable-dieffenbachia-dfefdb.netlify.app/img/xplay-btn.png.pagespeed.ic.xsmohhCLZ_.png]
[assets.entrepreneur.com/content/3x2/2000/1617286255-GettyImages-801450557054.jpg]
[venerable-dieffenbachia-dfefdb.netlify.app/img/blog-post/xb1.jpg.pagespeed.ic.em2roc4ktc.jpg]
[venerable-dieffenbachia-dfefdb.netlify.app/img/blog-post/xb2.jpg.pagespeed.ic.NVlB7IHJsy.jpg]
[venerable-dieffenbachia-dfefdb.netlify.app/img/blog-post/xb3.jpg.pagespeed.ic.U3BzMQI_0x.jpg]
[venerable-dieffenbachia-dfefdb.netlify.app/js/vendor/jquery-2.2.4.min.js]
[cdnjs.cloudflare.com/ajax/libs/popper.js/1.11.0/umd/popper.min.js]
[venerable-dieffenbachia-dfefdb.netlify.app/index.html]
[venerable-dieffenbachia-dfefdb.netlify.app/js/vendor,_bootstrap.min.js+jquery.ajaxchimp.min.js+jquery.magnific-popup.min.js+parallax.min.js.pagespeed.jc.APRAhY84lf.js]
[venerable-dieffenbachia-dfefdb.netlify.app/fonts/Linearicons-Free.eot_w118d]
[venerable-dieffenbachia-dfefdb.netlify.app/js/owl.carousel.min.js+jquery.sticky.js+hexagons.min.js+jquery.counterup.min.js+waypoints.min.js+jquery.nice-select.min.js+main.js.pagespeed.jc.ydTG76tfCV.1c.d]
[venerable-dieffenbachia-dfefdb.netlify.app/fonts/Linearicons-Free.woff2_w118d]
[venerable-dieffenbachia-dfefdb.netlify.app/fonts/Linearicons-Free.eot_]
[venerable-dieffenbachia-dfefdb.netlify.app/fonts/Linearicons-Free.ttf_w118d]
[venerable-dieffenbachia-dfefdb.netlify.app/fonts/Linearicons-Free.woff_w118d]
[venerable-dieffenbachia-dfefdb.netlify.app/fonts/Linearicons-Free.svg]
[venerable-dieffenbachia-dfefdb.netlify.app/fonts/fontawesome-webfont.eot_v=4.7.0]
[venerable-dieffenbachia-dfefdb.netlify.app/fonts/fontawesome-webfont.eot_]
[venerable-dieffenbachia-dfefdb.netlify.app/fonts/fontawesome-webfont.woff2_v=4.7.0]
[venerable-dieffenbachia-dfefdb.netlify.app/fonts/fontawesome-webfont.woff_v=4.7.0]
[venerable-dieffenbachia-dfefdb.netlify.app/fonts/fontawesome-webfont.ttf_v=4.7.0]
[preview.colorlib.com/theme/eclipse/css/owl.video.play.29.delayed]
[venerable-dieffenbachia-dfefdb.netlify.app/css/linearicons.css+font-awesome.min.css+bootstrap.css+magnific-popup.css+owl.carousel.css+nice-select.css+hexagons.min.css.pagespeed.cc.e_F6Y5yBxP.css]
[cdn.jsdelivr.net/themify-icons/0.1.2/css/themify-icons.css]
[venerable-dieffenbachia-dfefdb.netlify.app/img/img3.jpg]
[venerable-dieffenbachia-dfefdb.netlify.app/fonts/fontawesome-webfont.svg_v=4.7.svg]
[venerable-dieffenbachia-dfefdb.netlify.app/img/banner-bg.png]
[venerable-dieffenbachia-dfefdb.netlify.app/img/video-area-bg.png]
[venerable-dieffenbachia-dfefdb.netlify.app/img/registration-bg.png]
[venerable-dieffenbachia-dfefdb.netlify.app/img/elements/primary-check.png]
[venerable-dieffenbachia-dfefdb.netlify.app/img/elements/success-check.png]
[venerable-dieffenbachia-dfefdb.netlify.app/img/elements/disabled-check.png]
[venerable-dieffenbachia-dfefdb.netlify.app/img/elements/primary-radio.png]
[venerable-dieffenbachia-dfefdb.netlify.app/img/elements/success-radio.png]
[venerable-dieffenbachia-dfefdb.netlify.app/img/elements/disabled-radio.png]
[venerable-dieffenbachia-dfefdb.netlify.app/img/footer-bg.png]
[venerable-dieffenbachia-dfefdb.netlify.app/css/A.main.css.pagespeed.cf.DQLcLWq5zQ.css]
[venerable-dieffenbachia-dfefdb.netlify.app/css1/bootstrap-theme.min.css]
[venerable-dieffenbachia-dfefdb.netlify.app/fonts/fontawesome-webfont3e6e.eot]
[venerable-dieffenbachia-dfefdb.netlify.app/fonts/fontawesome-webfont3e6e.woff2]
[venerable-dieffenbachia-dfefdb.netlify.app/fonts/fontawesome-webfont3e6e.woff]
[venerable-dieffenbachia-dfefdb.netlify.app/fonts/fontawesome-webfont3e6e.ttf]
[venerable-dieffenbachia-dfefdb.netlify.app/css1/fontAwesome.css]
[venerable-dieffenbachia-dfefdb.netlify.app/fonts/fontawesome-webfontd41d.eot]
[venerable-dieffenbachia-dfefdb.netlify.app/img/slide_01.3b.delayed]
[venerable-dieffenbachia-dfefdb.netlify.app/fonts/fontawesome-webfont3e6e.svg]
[venerable-dieffenbachia-dfefdb.netlify.app/img/slide_02.3c.delayed]
[venerable-dieffenbachia-dfefdb.netlify.app/img/slide_03.3d.delayed]
[venerable-dieffenbachia-dfefdb.netlify.app/css1/hero-slider.css]
[venerable-dieffenbachia-dfefdb.netlify.app/css1/owl.video.play.3e.delayed]
[venerable-dieffenbachia-dfefdb.netlify.app/css1/owl-carousel.css]
[venerable-dieffenbachia-dfefdb.netlify.app/POST.html]
[amigascode.com/wp-content/uploads/2021/11/Untitled-260-x-350-px-18-2.html]
[amigascode.com/wp-content/uploads/2021/11/Untitled-260-x-350-px-12-3.html]
[amigascode.com/wp-content/uploads/2022/01/Untitled-260-×-350px.html]
[amigascode.com/wp-content/uploads/2021/11/Untitled-260-x-350-px-8-2.html]
[venerable-dieffenbachia-dfefdb.netlify.app/fonts/Linearicons-Free.svg]
[venerable-dieffenbachia-dfefdb.netlify.app/fonts/fontawesome-webfont.svg_v=4.7.svg]
[preview.colorlib.com/theme/eclipse/css/owl.video.play.html]
[venerable-dieffenbachia-dfefdb.netlify.app/fonts/fontawesome-webfont3e6e.svg]
[venerable-dieffenbachia-dfefdb.netlify.app/img/slide_01.html]
[venerable-dieffenbachia-dfefdb.netlify.app/img/slide_02.html]
[venerable-dieffenbachia-dfefdb.netlify.app/img/slide_03.html]
[venerable-dieffenbachia-dfefdb.netlify.app/css1/owl.video.play.html]
